Copyright 1986-2022 Xilinx, Inc. All Rights Reserved. Copyright 2022-2025 Advanced Micro Devices, Inc. All Rights Reserved.
--------------------------------------------------------------------------------------------------------------------------------------------------------------------------------------------------------------------------------
| Tool Version : Vivado v.2025.1 (win64) Build 6140274 Thu May 22 00:12:29 MDT 2025
| Date         : Mon Sep 14 17:50:59 2026
| Host         : kay running 64-bit major release  (build 9200)
| Command      : report_timing_summary -delay_type min_max -report_unconstrained -file ./build/vivado_ooc/timing_summary.rpt
| Design       : tick_to_trade
| Device       : 7a35t-cpg236
| Speed File   : -1  PRODUCTION 1.23 2018-06-13
| Design State : Routed
--------------------------------------------------------------------------------------------------------------------------------------------------------------------------------------------------------------------------------

Timing Summary Report

------------------------------------------------------------------------------------------------
| Timer Settings
| --------------
------------------------------------------------------------------------------------------------

  Enable Multi Corner Analysis               :  Yes
  Enable Pessimism Removal                   :  Yes
  Pessimism Removal Resolution               :  Nearest Common Node
  Enable Input Delay Default Clock           :  No
  Enable Preset / Clear Arcs                 :  No
  Disable Flight Delays                      :  No
  Ignore I/O Paths                           :  No
  Timing Early Launch at Borrowing Latches   :  No
  Borrow Time for Max Delay Exceptions       :  Yes
  Merge Timing Exceptions                    :  Yes
  Inter-SLR Compensation                     :  Conservative

  Corner  Analyze    Analyze    
  Name    Max Paths  Min Paths  
  ------  ---------  ---------  
  Slow    Yes        Yes        
  Fast    Yes        Yes        


------------------------------------------------------------------------------------------------
| Report Methodology
| ------------------
------------------------------------------------------------------------------------------------

No report available as report_methodology has not been run prior. Run report_methodology on the current design for the summary of methodology violations.



check_timing report

Table of Contents
-----------------
1. checking no_clock (0)
2. checking constant_clock (0)
3. checking pulse_width_clock (0)
4. checking unconstrained_internal_endpoints (0)
5. checking no_input_delay (0)
6. checking no_output_delay (0)
7. checking multiple_clock (0)
8. checking generated_clocks (0)
9. checking loops (0)
10. checking partial_input_delay (0)
11. checking partial_output_delay (0)
12. checking latch_loops (0)

1. checking no_clock (0)
------------------------
 There are 0 register/latch pins with no clock.


2. checking constant_clock (0)
------------------------------
 There are 0 register/latch pins with constant_clock.


3. checking pulse_width_clock (0)
---------------------------------
 There are 0 register/latch pins which need pulse_width check


4. checking unconstrained_internal_endpoints (0)
------------------------------------------------
 There are 0 pins that are not constrained for maximum delay.

 There are 0 pins that are not constrained for maximum delay due to constant clock.


5. checking no_input_delay (0)
------------------------------
 There are 0 input ports with no input delay specified.

 There are 0 input ports with no input delay but user has a false path constraint.


6. checking no_output_delay (0)
-------------------------------
 There are 0 ports with no output delay specified.

 There are 0 ports with no output delay but user has a false path constraint

 There are 0 ports with no output delay but with a timing clock defined on it or propagating through it


7. checking multiple_clock (0)
------------------------------
 There are 0 register/latch pins with multiple clocks.


8. checking generated_clocks (0)
--------------------------------
 There are 0 generated clocks that are not connected to a clock source.


9. checking loops (0)
---------------------
 There are 0 combinational loops in the design.


10. checking partial_input_delay (0)
------------------------------------
 There are 0 input ports with partial input delay specified.


11. checking partial_output_delay (0)
-------------------------------------
 There are 0 ports with partial output delay specified.


12. checking latch_loops (0)
----------------------------
 There are 0 combinational latch loops in the design through latch input



------------------------------------------------------------------------------------------------
| Design Timing Summary
| ---------------------
------------------------------------------------------------------------------------------------

    WNS(ns)      TNS(ns)  TNS Failing Endpoints  TNS Total Endpoints      WHS(ns)      THS(ns)  THS Failing Endpoints  THS Total Endpoints     WPWS(ns)     TPWS(ns)  TPWS Failing Endpoints  TPWS Total Endpoints  
    -------      -------  ---------------------  -------------------      -------      -------  ---------------------  -------------------     --------     --------  ----------------------  --------------------  
     -0.414       -3.135                     19                 8353       -0.602     -906.070                   3454                 8353        1.950        0.000                       0                  2452  


Timing constraints are not met.


------------------------------------------------------------------------------------------------
| Clock Summary
| -------------
------------------------------------------------------------------------------------------------

Clock   Waveform(ns)         Period(ns)      Frequency(MHz)
-----   ------------         ----------      --------------
rx_clk  {0.000 3.200}        6.400           156.250         


------------------------------------------------------------------------------------------------
| Intra Clock Table
| -----------------
------------------------------------------------------------------------------------------------

Clock             WNS(ns)      TNS(ns)  TNS Failing Endpoints  TNS Total Endpoints      WHS(ns)      THS(ns)  THS Failing Endpoints  THS Total Endpoints     WPWS(ns)     TPWS(ns)  TPWS Failing Endpoints  TPWS Total Endpoints  
-----             -------      -------  ---------------------  -------------------      -------      -------  ---------------------  -------------------     --------     --------  ----------------------  --------------------  
rx_clk             -0.414       -3.135                     19                 8353       -0.602     -906.070                   3454                 8353        1.950        0.000                       0                  2452  


------------------------------------------------------------------------------------------------
| Inter Clock Table
| -----------------
------------------------------------------------------------------------------------------------

From Clock    To Clock          WNS(ns)      TNS(ns)  TNS Failing Endpoints  TNS Total Endpoints      WHS(ns)      THS(ns)  THS Failing Endpoints  THS Total Endpoints  
----------    --------          -------      -------  ---------------------  -------------------      -------      -------  ---------------------  -------------------  


------------------------------------------------------------------------------------------------
| Other Path Groups Table
| -----------------------
------------------------------------------------------------------------------------------------

Path Group    From Clock    To Clock          WNS(ns)      TNS(ns)  TNS Failing Endpoints  TNS Total Endpoints      WHS(ns)      THS(ns)  THS Failing Endpoints  THS Total Endpoints  
----------    ----------    --------          -------      -------  ---------------------  -------------------      -------      -------  ---------------------  -------------------  


------------------------------------------------------------------------------------------------
| User Ignored Path Table
| -----------------------
------------------------------------------------------------------------------------------------

Path Group    From Clock    To Clock    
----------    ----------    --------    


------------------------------------------------------------------------------------------------
| Unconstrained Path Table
| ------------------------
------------------------------------------------------------------------------------------------

Path Group    From Clock    To Clock    
----------    ----------    --------    


------------------------------------------------------------------------------------------------
| Timing Details
| --------------
------------------------------------------------------------------------------------------------


---------------------------------------------------------------------------------------------------
From Clock:  rx_clk
  To Clock:  rx_clk

Setup :           19  Failing Endpoints,  Worst Slack       -0.414ns,  Total Violation       -3.135ns
Hold  :         3454  Failing Endpoints,  Worst Slack       -0.602ns,  Total Violation     -906.070ns
PW    :            0  Failing Endpoints,  Worst Slack        1.950ns,  Total Violation        0.000ns
---------------------------------------------------------------------------------------------------


Max Delay Paths
--------------------------------------------------------------------------------------
Slack (VIOLATED) :        -0.414ns  (required time - arrival time)
  Source:                 s_axis_tdata[30]
                            (input port clocked by rx_clk  {rise@0.000ns fall@3.200ns period=6.400ns})
  Destination:            parser/udp_sum_reg[12]/D
                            (rising edge-triggered cell FDRE clocked by rx_clk  {rise@0.000ns fall@3.200ns period=6.400ns})
  Path Group:             rx_clk
  Path Type:              Setup (Max at Slow Process Corner)
  Requirement:            6.400ns  (rx_clk rise@6.400ns - rx_clk rise@0.000ns)
  Data Path Delay:        6.367ns  (logic 2.128ns (33.422%)  route 4.239ns (66.578%))
  Logic Levels:           9  (CARRY4=4 LUT3=1 LUT4=1 LUT5=1 LUT6=2)
  Input Delay:            1.000ns
  Clock Path Skew:        0.924ns (DCD - SCD + CPR)
    Destination Clock Delay (DCD):    0.924ns = ( 7.324 - 6.400 ) 
    Source Clock Delay      (SCD):    0.000ns
    Clock Pessimism Removal (CPR):    0.000ns
  Clock Uncertainty:      0.135ns  ((TSJ^2 + TIJ^2)^1/2 + DJ) / 2 + PE + UU
    Total System Jitter     (TSJ):    0.071ns
    Total Input Jitter      (TIJ):    0.000ns
    Discrete Jitter          (DJ):    0.000ns
    Phase Error              (PE):    0.000ns
    User Uncertainty         (UU):    0.100ns

    Location             Delay type                Incr(ns)  Path(ns)    Netlist Resource(s)
  -------------------------------------------------------------------    -------------------
                         (clock rx_clk rise edge)     0.000     0.000 r  
                         input delay                  1.000     1.000    
                                                      0.000     1.000 r  s_axis_tdata[30] (IN)
                         net (fo=7, unset)            0.973     1.973    parser/s_axis_tdata[30]
    SLICE_X4Y116         LUT3 (Prop_lut3_I2_O)        0.124     2.097 f  parser/ip_sum[7]_i_19/O
                         net (fo=2, routed)           0.578     2.675    parser/ip_sum[7]_i_19_n_0
    SLICE_X3Y116         LUT5 (Prop_lut5_I3_O)        0.124     2.799 r  parser/ip_sum[7]_i_11/O
                         net (fo=2, routed)           0.514     3.313    parser/ip_sum[7]_i_11_n_0
    SLICE_X6Y116         LUT6 (Prop_lut6_I0_O)        0.124     3.437 r  parser/ip_sum[7]_i_15/O
                         net (fo=1, routed)           0.000     3.437    parser/ip_sum[7]_i_15_n_0
    SLICE_X6Y116         CARRY4 (Prop_carry4_S[3]_CO[3])
                                                      0.376     3.813 r  parser/ip_sum_reg[7]_i_10/CO[3]
                         net (fo=1, routed)           0.000     3.813    parser/ip_sum_reg[7]_i_10_n_0
    SLICE_X6Y117         CARRY4 (Prop_carry4_CI_O[0])
                                                      0.219     4.032 r  parser/ip_sum_reg[11]_i_10/O[0]
                         net (fo=3, routed)           0.373     4.404    parser/ip_sum_reg[11]_i_10_n_7
    SLICE_X7Y117         LUT6 (Prop_lut6_I4_O)        0.295     4.699 f  parser/udp_sum[11]_i_18/O
                         net (fo=2, routed)           0.445     5.144    parser/udp_sum[11]_i_18_n_0
    SLICE_X4Y116         LUT4 (Prop_lut4_I2_O)        0.124     5.268 r  parser/udp_sum[11]_i_4/O
                         net (fo=1, routed)           0.613     5.881    parser/udp_sum[11]_i_4_n_0
    SLICE_X5Y116         CARRY4 (Prop_carry4_DI[1]_CO[3])
                                                      0.507     6.388 r  parser/udp_sum_reg[11]_i_1/CO[3]
                         net (fo=1, routed)           0.000     6.388    parser/udp_sum_reg[11]_i_1_n_0
    SLICE_X5Y117         CARRY4 (Prop_carry4_CI_O[0])
                                                      0.235     6.623 r  parser/udp_sum_reg[15]_i_1/O[0]
                         net (fo=2, routed)           0.744     7.367    parser/udp_sum_reg[15]_i_1_n_7
    SLICE_X4Y117         FDRE                                         r  parser/udp_sum_reg[12]/D
  -------------------------------------------------------------------    -------------------

                         (clock rx_clk rise edge)     6.400     6.400 r  
                                                      0.000     6.400 r  clk (IN)
                         net (fo=2451, unset)         0.924     7.324    parser/clk
    SLICE_X4Y117         FDRE                                         r  parser/udp_sum_reg[12]/C
                         clock pessimism              0.000     7.324    
                         clock uncertainty           -0.135     7.189    
    SLICE_X4Y117         FDRE (Setup_fdre_C_D)       -0.236     6.953    parser/udp_sum_reg[12]
  -------------------------------------------------------------------
                         required time                          6.953    
                         arrival time                          -7.367    
  -------------------------------------------------------------------
                         slack                                 -0.414    





Min Delay Paths
--------------------------------------------------------------------------------------
Slack (VIOLATED) :        -0.602ns  (arrival time - required time)
  Source:                 cfg_symbol[12]
                            (input port clocked by rx_clk  {rise@0.000ns fall@3.200ns period=6.400ns})
  Destination:            matcher/symbols_reg[0][12]/D
                            (rising edge-triggered cell FDRE clocked by rx_clk  {rise@0.000ns fall@3.200ns period=6.400ns})
  Path Group:             rx_clk
  Path Type:              Hold (Min at Slow Process Corner)
  Requirement:            0.000ns  (rx_clk rise@0.000ns - rx_clk rise@0.000ns)
  Data Path Delay:        0.924ns  (logic 0.000ns (0.000%)  route 0.924ns (100.000%))
  Logic Levels:           0  
  Input Delay:            0.000ns
  Clock Path Skew:        0.973ns (DCD - SCD - CPR)
    Destination Clock Delay (DCD):    0.973ns
    Source Clock Delay      (SCD):    0.000ns
    Clock Pessimism Removal (CPR):    -0.000ns
  Clock Uncertainty:      0.135ns  ((TSJ^2 + TIJ^2)^1/2 + DJ) / 2 + PE + UU
    Total System Jitter     (TSJ):    0.071ns
    Total Input Jitter      (TIJ):    0.000ns
    Discrete Jitter          (DJ):    0.000ns
    Phase Error              (PE):    0.000ns
    User Uncertainty         (UU):    0.100ns

    Location             Delay type                Incr(ns)  Path(ns)    Netlist Resource(s)
  -------------------------------------------------------------------    -------------------
                         (clock rx_clk rise edge)     0.000     0.000 r  
                         input delay                  0.000     0.000    
                                                      0.000     0.000 r  cfg_symbol[12] (IN)
                         net (fo=7, unset)            0.924     0.924    matcher/cfg_symbol[12]
    SLICE_X8Y96          FDRE                                         r  matcher/symbols_reg[0][12]/D
  -------------------------------------------------------------------    -------------------

                         (clock rx_clk rise edge)     0.000     0.000 r  
                                                      0.000     0.000 r  clk (IN)
                         net (fo=2451, unset)         0.973     0.973    matcher/clk
    SLICE_X8Y96          FDRE                                         r  matcher/symbols_reg[0][12]/C
                         clock pessimism              0.000     0.973    
                         clock uncertainty            0.135     1.108    
    SLICE_X8Y96          FDRE (Hold_fdre_C_D)         0.418     1.526    matcher/symbols_reg[0][12]
  -------------------------------------------------------------------
                         required time                         -1.526    
                         arrival time                           0.924    
  -------------------------------------------------------------------
                         slack                                 -0.602    





Pulse Width Checks
--------------------------------------------------------------------------------------
Clock Name:         rx_clk
Waveform(ns):       { 0.000 3.200 }
Period(ns):         6.400
Sources:            { clk }

Check Type        Corner  Lib Pin     Reference Pin  Required(ns)  Actual(ns)  Slack(ns)  Location       Pin
Min Period        n/a     FDRE/C      n/a            1.000         6.400       5.400      SLICE_X25Y104  matcher/buy_mask_reg[0]/C
Low Pulse Width   Slow    RAMD32/CLK  n/a            1.250         3.200       1.950      SLICE_X14Y112  queue/memory_reg_0_15_0_5/RAMA/CLK
High Pulse Width  Slow    RAMD32/CLK  n/a            1.250         3.200       1.950      SLICE_X14Y112  queue/memory_reg_0_15_0_5/RAMA/CLK



