Copyright 1986-2022 Xilinx, Inc. All Rights Reserved. Copyright 2022-2025 Advanced Micro Devices, Inc. All Rights Reserved.
----------------------------------------------------------------------------------------------------------------------------------------------------------------------------------------------------------------------------
| Tool Version : Vivado v.2025.1 (win64) Build 6140274 Thu May 22 00:12:29 MDT 2025
| Date         : Mon Sep 14 23:43:34 2026
| Host         : kay running 64-bit major release  (build 9200)
| Command      : report_timing_summary -delay_type min_max -report_unconstrained -file ./build/basys3/timing_summary.rpt
| Design       : basys3_demo_top
| Device       : 7a35t-cpg236
| Speed File   : -1  PRODUCTION 1.23 2018-06-13
| Design State : Routed
----------------------------------------------------------------------------------------------------------------------------------------------------------------------------------------------------------------------------

Timing Summary Report

------------------------------------------------------------------------------------------------
| Timer Settings
| --------------
------------------------------------------------------------------------------------------------

  Enable Multi Corner Analysis               :  Yes
  Enable Pessimism Removal                   :  Yes
  Pessimism Removal Resolution               :  Nearest Common Node
  Enable Input Delay Default Clock           :  No
  Enable Preset / Clear Arcs                 :  No
  Disable Flight Delays                      :  No
  Ignore I/O Paths                           :  No
  Timing Early Launch at Borrowing Latches   :  No
  Borrow Time for Max Delay Exceptions       :  Yes
  Merge Timing Exceptions                    :  Yes
  Inter-SLR Compensation                     :  Conservative

  Corner  Analyze    Analyze    
  Name    Max Paths  Min Paths  
  ------  ---------  ---------  
  Slow    Yes        Yes        
  Fast    Yes        Yes        


------------------------------------------------------------------------------------------------
| Report Methodology
| ------------------
------------------------------------------------------------------------------------------------

No report available as report_methodology has not been run prior. Run report_methodology on the current design for the summary of methodology violations.



check_timing report

Table of Contents
-----------------
1. checking no_clock (0)
2. checking constant_clock (0)
3. checking pulse_width_clock (0)
4. checking unconstrained_internal_endpoints (0)
5. checking no_input_delay (6)
6. checking no_output_delay (0)
7. checking multiple_clock (0)
8. checking generated_clocks (0)
9. checking loops (0)
10. checking partial_input_delay (0)
11. checking partial_output_delay (0)
12. checking latch_loops (0)

1. checking no_clock (0)
------------------------
 There are 0 register/latch pins with no clock.


2. checking constant_clock (0)
------------------------------
 There are 0 register/latch pins with constant_clock.


3. checking pulse_width_clock (0)
---------------------------------
 There are 0 register/latch pins which need pulse_width check


4. checking unconstrained_internal_endpoints (0)
------------------------------------------------
 There are 0 pins that are not constrained for maximum delay.

 There are 0 pins that are not constrained for maximum delay due to constant clock.


5. checking no_input_delay (6)
------------------------------
 There are 0 input ports with no input delay specified.

 There are 6 input ports with no input delay but user has a false path constraint. (MEDIUM)


6. checking no_output_delay (0)
-------------------------------
 There are 0 ports with no output delay specified.

 There are 0 ports with no output delay but user has a false path constraint

 There are 0 ports with no output delay but with a timing clock defined on it or propagating through it


7. checking multiple_clock (0)
------------------------------
 There are 0 register/latch pins with multiple clocks.


8. checking generated_clocks (0)
--------------------------------
 There are 0 generated clocks that are not connected to a clock source.


9. checking loops (0)
---------------------
 There are 0 combinational loops in the design.


10. checking partial_input_delay (0)
------------------------------------
 There are 0 input ports with partial input delay specified.


11. checking partial_output_delay (0)
-------------------------------------
 There are 0 ports with partial output delay specified.


12. checking latch_loops (0)
----------------------------
 There are 0 combinational latch loops in the design through latch input



------------------------------------------------------------------------------------------------
| Design Timing Summary
| ---------------------
------------------------------------------------------------------------------------------------

    WNS(ns)      TNS(ns)  TNS Failing Endpoints  TNS Total Endpoints      WHS(ns)      THS(ns)  THS Failing Endpoints  THS Total Endpoints     WPWS(ns)     TPWS(ns)  TPWS Failing Endpoints  TPWS Total Endpoints  
    -------      -------  ---------------------  -------------------      -------      -------  ---------------------  -------------------     --------     --------  ----------------------  --------------------  
      0.676        0.000                      0                 2351        0.024        0.000                      0                 2324        3.750        0.000                       0                   820  


All user specified timing constraints are met.


------------------------------------------------------------------------------------------------
| Clock Summary
| -------------
------------------------------------------------------------------------------------------------

Clock      Waveform(ns)       Period(ns)      Frequency(MHz)
-----      ------------       ----------      --------------
board_clk  {0.000 5.000}      10.000          100.000         


------------------------------------------------------------------------------------------------
| Intra Clock Table
| -----------------
------------------------------------------------------------------------------------------------

Clock             WNS(ns)      TNS(ns)  TNS Failing Endpoints  TNS Total Endpoints      WHS(ns)      THS(ns)  THS Failing Endpoints  THS Total Endpoints     WPWS(ns)     TPWS(ns)  TPWS Failing Endpoints  TPWS Total Endpoints  
-----             -------      -------  ---------------------  -------------------      -------      -------  ---------------------  -------------------     --------     --------  ----------------------  --------------------  
board_clk           0.676        0.000                      0                 2324        0.024        0.000                      0                 2324        3.750        0.000                       0                   820  


------------------------------------------------------------------------------------------------
| Inter Clock Table
| -----------------
------------------------------------------------------------------------------------------------

From Clock    To Clock          WNS(ns)      TNS(ns)  TNS Failing Endpoints  TNS Total Endpoints      WHS(ns)      THS(ns)  THS Failing Endpoints  THS Total Endpoints  
----------    --------          -------      -------  ---------------------  -------------------      -------      -------  ---------------------  -------------------  


------------------------------------------------------------------------------------------------
| Other Path Groups Table
| -----------------------
------------------------------------------------------------------------------------------------

Path Group    From Clock    To Clock          WNS(ns)      TNS(ns)  TNS Failing Endpoints  TNS Total Endpoints      WHS(ns)      THS(ns)  THS Failing Endpoints  THS Total Endpoints  
----------    ----------    --------          -------      -------  ---------------------  -------------------      -------      -------  ---------------------  -------------------  
**default**   board_clk                        15.991        0.000                      0                   27                                                                        


------------------------------------------------------------------------------------------------
| User Ignored Path Table
| -----------------------
------------------------------------------------------------------------------------------------

Path Group    From Clock    To Clock    
----------    ----------    --------    
(none)        board_clk                   
(none)                      board_clk     


------------------------------------------------------------------------------------------------
| Unconstrained Path Table
| ------------------------
------------------------------------------------------------------------------------------------

Path Group    From Clock    To Clock    
----------    ----------    --------    


------------------------------------------------------------------------------------------------
| Timing Details
| --------------
------------------------------------------------------------------------------------------------


---------------------------------------------------------------------------------------------------
From Clock:  board_clk
  To Clock:  board_clk

Setup :            0  Failing Endpoints,  Worst Slack        0.676ns,  Total Violation        0.000ns
Hold  :            0  Failing Endpoints,  Worst Slack        0.024ns,  Total Violation        0.000ns
PW    :            0  Failing Endpoints,  Worst Slack        3.750ns,  Total Violation        0.000ns
---------------------------------------------------------------------------------------------------


Max Delay Paths
--------------------------------------------------------------------------------------
Slack (MET) :             0.676ns  (required time - arrival time)
  Source:                 beat_reg[3]/C
                            (rising edge-triggered cell FDRE clocked by board_clk  {rise@0.000ns fall@5.000ns period=10.000ns})
  Destination:            core/parser/udp_sum_reg[19]/D
                            (rising edge-triggered cell FDRE clocked by board_clk  {rise@0.000ns fall@5.000ns period=10.000ns})
  Path Group:             board_clk
  Path Type:              Setup (Max at Slow Process Corner)
  Requirement:            10.000ns  (board_clk rise@10.000ns - board_clk rise@0.000ns)
  Data Path Delay:        8.939ns  (logic 3.305ns (36.974%)  route 5.634ns (63.026%))
  Logic Levels:           12  (CARRY4=5 LUT2=1 LUT3=1 LUT4=2 LUT6=3)
  Clock Path Skew:        -0.109ns (DCD - SCD + CPR)
    Destination Clock Delay (DCD):    4.779ns = ( 14.779 - 10.000 ) 
    Source Clock Delay      (SCD):    5.148ns
    Clock Pessimism Removal (CPR):    0.260ns
  Clock Uncertainty:      0.035ns  ((TSJ^2 + TIJ^2)^1/2 + DJ) / 2 + PE
    Total System Jitter     (TSJ):    0.071ns
    Total Input Jitter      (TIJ):    0.000ns
    Discrete Jitter          (DJ):    0.000ns
    Phase Error              (PE):    0.000ns

    Location             Delay type                Incr(ns)  Path(ns)    Netlist Resource(s)
  -------------------------------------------------------------------    -------------------
                         (clock board_clk rise edge)
                                                      0.000     0.000 r  
    W5                                                0.000     0.000 r  clk (IN)
                         net (fo=0)                   0.000     0.000    clk
    W5                   IBUF (Prop_ibuf_I_O)         1.458     1.458 r  clk_IBUF_inst/O
                         net (fo=1, routed)           1.967     3.425    clk_IBUF
    BUFGCTRL_X0Y0        BUFG (Prop_bufg_I_O)         0.096     3.521 r  clk_IBUF_BUFG_inst/O
                         net (fo=819, routed)         1.627     5.148    clk_IBUF_BUFG
    SLICE_X6Y16          FDRE                                         r  beat_reg[3]/C
  -------------------------------------------------------------------    -------------------
    SLICE_X6Y16          FDRE (Prop_fdre_C_Q)         0.518     5.666 f  beat_reg[3]/Q
                         net (fo=87, routed)          0.987     6.653    core/parser/candidate_shape_ok_reg_0[3]
    SLICE_X6Y16          LUT2 (Prop_lut2_I0_O)        0.156     6.809 f  core/parser/udp_checksum[2]_i_5/O
                         net (fo=11, routed)          0.725     7.535    core/parser/udp_checksum[2]_i_5_n_0
    SLICE_X7Y21          LUT6 (Prop_lut6_I5_O)        0.355     7.890 r  core/parser/symbol[52]_i_2/O
                         net (fo=7, routed)           0.742     8.632    core/parser/rx_data[28]
    SLICE_X6Y17          LUT3 (Prop_lut3_I2_O)        0.124     8.756 f  core/parser/ip_sum[7]_i_21/O
                         net (fo=2, routed)           0.573     9.329    core/parser/ip_sum[7]_i_21_n_0
    SLICE_X10Y17         LUT4 (Prop_lut4_I2_O)        0.124     9.453 r  core/parser/ip_sum[7]_i_13/O
                         net (fo=2, routed)           0.568    10.021    core/parser/ip_sum[7]_i_13_n_0
    SLICE_X9Y17          CARRY4 (Prop_carry4_DI[1]_O[2])
                                                      0.537    10.558 r  core/parser/ip_sum_reg[7]_i_10/O[2]
                         net (fo=2, routed)           0.463    11.021    core/parser/ip_sum_reg[7]_i_10_n_5
    SLICE_X8Y15          LUT6 (Prop_lut6_I4_O)        0.302    11.323 f  core/parser/udp_sum[7]_i_11/O
                         net (fo=2, routed)           0.480    11.803    core/parser/udp_sum[7]_i_11_n_0
    SLICE_X8Y15          LUT4 (Prop_lut4_I2_O)        0.124    11.927 r  core/parser/udp_sum[7]_i_2/O
                         net (fo=2, routed)           0.577    12.504    core/parser/udp_sum[7]_i_2_n_0
    SLICE_X8Y17          LUT6 (Prop_lut6_I0_O)        0.124    12.628 r  core/parser/udp_sum[7]_i_6/O
                         net (fo=1, routed)           0.000    12.628    core/parser/udp_sum[7]_i_6_n_0
    SLICE_X8Y17          CARRY4 (Prop_carry4_S[3]_CO[3])
                                                      0.376    13.004 r  core/parser/udp_sum_reg[7]_i_1/CO[3]
                         net (fo=1, routed)           0.000    13.004    core/parser/udp_sum_reg[7]_i_1_n_0
    SLICE_X8Y18          CARRY4 (Prop_carry4_CI_CO[3])
                                                      0.117    13.121 r  core/parser/udp_sum_reg[11]_i_1/CO[3]
                         net (fo=1, routed)           0.000    13.121    core/parser/udp_sum_reg[11]_i_1_n_0
    SLICE_X8Y19          CARRY4 (Prop_carry4_CI_CO[3])
                                                      0.117    13.238 r  core/parser/udp_sum_reg[15]_i_1/CO[3]
                         net (fo=1, routed)           0.000    13.238    core/parser/udp_sum_reg[15]_i_1_n_0
    SLICE_X8Y20          CARRY4 (Prop_carry4_CI_O[3])
                                                      0.331    13.569 r  core/parser/udp_sum_reg[19]_i_1/O[3]
                         net (fo=2, routed)           0.518    14.087    core/parser/udp_sum_reg[19]_i_1_n_4
    SLICE_X9Y21          FDRE                                         r  core/parser/udp_sum_reg[19]/D
  -------------------------------------------------------------------    -------------------

                         (clock board_clk rise edge)
                                                     10.000    10.000 r  
    W5                                                0.000    10.000 r  clk (IN)
                         net (fo=0)                   0.000    10.000    clk
    W5                   IBUF (Prop_ibuf_I_O)         1.388    11.388 r  clk_IBUF_inst/O
                         net (fo=1, routed)           1.862    13.250    clk_IBUF
    BUFGCTRL_X0Y0        BUFG (Prop_bufg_I_O)         0.091    13.341 r  clk_IBUF_BUFG_inst/O
                         net (fo=819, routed)         1.438    14.779    core/parser/clk_IBUF_BUFG
    SLICE_X9Y21          FDRE                                         r  core/parser/udp_sum_reg[19]/C
                         clock pessimism              0.260    15.039    
                         clock uncertainty           -0.035    15.004    
    SLICE_X9Y21          FDRE (Setup_fdre_C_D)       -0.241    14.763    core/parser/udp_sum_reg[19]
  -------------------------------------------------------------------
                         required time                         14.763    
                         arrival time                         -14.087    
  -------------------------------------------------------------------
                         slack                                  0.676    





Min Delay Paths
--------------------------------------------------------------------------------------
Slack (MET) :             0.024ns  (arrival time - required time)
  Source:                 core/queue/wr_ptr_reg[0]/C
                            (rising edge-triggered cell FDRE clocked by board_clk  {rise@0.000ns fall@5.000ns period=10.000ns})
  Destination:            core/queue/memory_reg_0_15_162_164/RAMA/WADR0
                            (rising edge-triggered cell RAMD32 clocked by board_clk  {rise@0.000ns fall@5.000ns period=10.000ns})
  Path Group:             board_clk
  Path Type:              Hold (Min at Fast Process Corner)
  Requirement:            0.000ns  (board_clk rise@0.000ns - board_clk rise@0.000ns)
  Data Path Delay:        0.347ns  (logic 0.141ns (40.599%)  route 0.206ns (59.401%))
  Logic Levels:           0  
  Clock Path Skew:        0.013ns (DCD - SCD - CPR)
    Destination Clock Delay (DCD):    1.976ns
    Source Clock Delay      (SCD):    1.464ns
    Clock Pessimism Removal (CPR):    0.499ns

    Location             Delay type                Incr(ns)  Path(ns)    Netlist Resource(s)
  -------------------------------------------------------------------    -------------------
                         (clock board_clk rise edge)
                                                      0.000     0.000 r  
    W5                                                0.000     0.000 r  clk (IN)
                         net (fo=0)                   0.000     0.000    clk
    W5                   IBUF (Prop_ibuf_I_O)         0.226     0.226 r  clk_IBUF_inst/O
                         net (fo=1, routed)           0.631     0.858    clk_IBUF
    BUFGCTRL_X0Y0        BUFG (Prop_bufg_I_O)         0.026     0.884 r  clk_IBUF_BUFG_inst/O
                         net (fo=819, routed)         0.581     1.464    core/queue/clk_IBUF_BUFG
    SLICE_X7Y23          FDRE                                         r  core/queue/wr_ptr_reg[0]/C
  -------------------------------------------------------------------    -------------------
    SLICE_X7Y23          FDRE (Prop_fdre_C_Q)         0.141     1.605 r  core/queue/wr_ptr_reg[0]/Q
                         net (fo=12, routed)          0.206     1.811    core/queue/memory_reg_0_15_162_164/ADDRD0
    SLICE_X6Y23          RAMD32                                       r  core/queue/memory_reg_0_15_162_164/RAMA/WADR0
  -------------------------------------------------------------------    -------------------

                         (clock board_clk rise edge)
                                                      0.000     0.000 r  
    W5                                                0.000     0.000 r  clk (IN)
                         net (fo=0)                   0.000     0.000    clk
    W5                   IBUF (Prop_ibuf_I_O)         0.414     0.414 r  clk_IBUF_inst/O
                         net (fo=1, routed)           0.685     1.099    clk_IBUF
    BUFGCTRL_X0Y0        BUFG (Prop_bufg_I_O)         0.029     1.128 r  clk_IBUF_BUFG_inst/O
                         net (fo=819, routed)         0.849     1.976    core/queue/memory_reg_0_15_162_164/WCLK
    SLICE_X6Y23          RAMD32                                       r  core/queue/memory_reg_0_15_162_164/RAMA/CLK
                         clock pessimism             -0.499     1.477    
    SLICE_X6Y23          RAMD32 (Hold_ramd32_CLK_WADR0)
                                                      0.310     1.787    core/queue/memory_reg_0_15_162_164/RAMA
  -------------------------------------------------------------------
                         required time                         -1.787    
                         arrival time                           1.811    
  -------------------------------------------------------------------
                         slack                                  0.024    





Pulse Width Checks
--------------------------------------------------------------------------------------
Clock Name:         board_clk
Waveform(ns):       { 0.000 5.000 }
Period(ns):         10.000
Sources:            { clk }

Check Type        Corner  Lib Pin     Reference Pin  Required(ns)  Actual(ns)  Slack(ns)  Location       Pin
Min Period        n/a     BUFG/I      n/a            2.155         10.000      7.845      BUFGCTRL_X0Y0  clk_IBUF_BUFG_inst/I
Low Pulse Width   Slow    RAMD32/CLK  n/a            1.250         5.000       3.750      SLICE_X6Y23    core/queue/memory_reg_0_15_162_164/RAMA/CLK
High Pulse Width  Slow    RAMD32/CLK  n/a            1.250         5.000       3.750      SLICE_X6Y23    core/queue/memory_reg_0_15_162_164/RAMA/CLK



---------------------------------------------------------------------------------------------------
Path Group:  **default**
From Clock:  board_clk
  To Clock:  

Setup :            0  Failing Endpoints,  Worst Slack       15.991ns,  Total Violation        0.000ns
Hold  :           NA  Failing Endpoints,  Worst Slack           NA  ,  Total Violation           NA
---------------------------------------------------------------------------------------------------


Max Delay Paths
--------------------------------------------------------------------------------------
Slack (MET) :             15.991ns  (required time - arrival time)
  Source:                 seg_reg[3]/C
                            (rising edge-triggered cell FDSE clocked by board_clk  {rise@0.000ns fall@5.000ns period=10.000ns})
  Destination:            seg[3]
  Path Group:             **default**
  Path Type:              Max at Slow Process Corner
  Requirement:            20.000ns  (MaxDelay Path 20.000ns)
  Data Path Delay:        4.009ns  (logic 4.008ns (99.975%)  route 0.001ns (0.025%))
  Logic Levels:           1  (OBUF=1)
  Output Delay:           0.000ns
  Timing Exception:       MaxDelay Path 20.000ns -datapath_only

    Location             Delay type                Incr(ns)  Path(ns)    Netlist Resource(s)
  -------------------------------------------------------------------    -------------------
    OLOGIC_X1Y21                                      0.000     0.000 r  seg_reg[3]/C
    OLOGIC_X1Y21         FDSE (Prop_fdse_C_Q)         0.472     0.472 r  seg_reg[3]/Q
                         net (fo=1, routed)           0.001     0.473    seg_OBUF[3]
    V8                   OBUF (Prop_obuf_I_O)         3.536     4.009 r  seg_OBUF[3]_inst/O
                         net (fo=0)                   0.000     4.009    seg[3]
    V8                                                                r  seg[3] (OUT)
  -------------------------------------------------------------------    -------------------

                         max delay                   20.000    20.000    
                         output delay                -0.000    20.000    
  -------------------------------------------------------------------
                         required time                         20.000    
                         arrival time                          -4.009    
  -------------------------------------------------------------------
                         slack                                 15.991    





--------------------------------------------------------------------------------------
Path Group:  (none)
From Clock:  board_clk
  To Clock:  

Max Delay             0 Endpoints
Min Delay            27 Endpoints
--------------------------------------------------------------------------------------


Min Delay Paths
--------------------------------------------------------------------------------------
Slack:                    inf
  Source:                 an_reg[1]/C
                            (rising edge-triggered cell FDSE clocked by board_clk  {rise@0.000ns fall@5.000ns period=10.000ns})
  Destination:            an[1]
                            (output port)
  Path Group:             (none)
  Path Type:              Min at Fast Process Corner
  Data Path Delay:        1.378ns  (logic 1.377ns (99.927%)  route 0.001ns (0.073%))
  Logic Levels:           1  (OBUF=1)
  Clock Uncertainty:      0.025ns  ((TSJ^2 + TIJ^2)^1/2 + DJ) / 2 + PE
    Total System Jitter     (TSJ):    0.050ns
    Total Input Jitter      (TIJ):    0.000ns
    Discrete Jitter          (DJ):    0.000ns
    Phase Error              (PE):    0.000ns
  Timing Exception:       False Path

    Location             Delay type                Incr(ns)  Path(ns)    Netlist Resource(s)
  -------------------------------------------------------------------    -------------------
                         (clock board_clk rise edge)
                                                      0.000     0.000 r  
    W5                                                0.000     0.000 r  clk (IN)
                         net (fo=0)                   0.000     0.000    clk
    W5                   IBUF (Prop_ibuf_I_O)         0.226     0.226 r  clk_IBUF_inst/O
                         net (fo=1, routed)           0.631     0.858    clk_IBUF
    BUFGCTRL_X0Y0        BUFG (Prop_bufg_I_O)         0.026     0.884 r  clk_IBUF_BUFG_inst/O
                         net (fo=819, routed)         0.581     1.464    clk_IBUF_BUFG
    OLOGIC_X1Y28         FDSE                                         r  an_reg[1]/C
  -------------------------------------------------------------------    -------------------
    OLOGIC_X1Y28         FDSE (Prop_fdse_C_Q)         0.177     1.641 r  an_reg[1]/Q
                         net (fo=1, routed)           0.001     1.642    an_OBUF[1]
    U4                   OBUF (Prop_obuf_I_O)         1.200     2.842 r  an_OBUF[1]_inst/O
                         net (fo=0)                   0.000     2.842    an[1]
    U4                                                                r  an[1] (OUT)
  -------------------------------------------------------------------    -------------------





--------------------------------------------------------------------------------------
Path Group:  (none)
From Clock:  
  To Clock:  board_clk

Max Delay             6 Endpoints
Min Delay             6 Endpoints
--------------------------------------------------------------------------------------


Max Delay Paths
--------------------------------------------------------------------------------------
Slack:                    inf
  Source:                 sw[3]
                            (input port)
  Destination:            ui_meta_reg[4]/D
                            (rising edge-triggered cell FDRE clocked by board_clk  {rise@0.000ns fall@5.000ns period=10.000ns})
  Path Group:             (none)
  Path Type:              Setup (Max at Slow Process Corner)
  Data Path Delay:        3.135ns  (logic 1.448ns (46.208%)  route 1.686ns (53.792%))
  Logic Levels:           1  (IBUF=1)
  Clock Path Skew:        4.841ns (DCD - SCD + CPR)
    Destination Clock Delay (DCD):    4.841ns
    Source Clock Delay      (SCD):    0.000ns
    Clock Pessimism Removal (CPR):    0.000ns
  Clock Uncertainty:      0.025ns  ((TSJ^2 + TIJ^2)^1/2 + DJ) / 2 + PE
    Total System Jitter     (TSJ):    0.050ns
    Total Input Jitter      (TIJ):    0.000ns
    Discrete Jitter          (DJ):    0.000ns
    Phase Error              (PE):    0.000ns
  Timing Exception:       False Path

    Location             Delay type                Incr(ns)  Path(ns)    Netlist Resource(s)
  -------------------------------------------------------------------    -------------------
    W17                                               0.000     0.000 r  sw[3] (IN)
                         net (fo=0)                   0.000     0.000    sw[3]
    W17                  IBUF (Prop_ibuf_I_O)         1.448     1.448 r  sw_IBUF[3]_inst/O
                         net (fo=1, routed)           1.686     3.135    sw_IBUF[3]
    SLICE_X4Y24          FDRE                                         r  ui_meta_reg[4]/D
  -------------------------------------------------------------------    -------------------

                         (clock board_clk rise edge)
                                                      0.000     0.000 r  
    W5                                                0.000     0.000 r  clk (IN)
                         net (fo=0)                   0.000     0.000    clk
    W5                   IBUF (Prop_ibuf_I_O)         1.388     1.388 r  clk_IBUF_inst/O
                         net (fo=1, routed)           1.862     3.250    clk_IBUF
    BUFGCTRL_X0Y0        BUFG (Prop_bufg_I_O)         0.091     3.341 r  clk_IBUF_BUFG_inst/O
                         net (fo=819, routed)         1.500     4.841    clk_IBUF_BUFG
    SLICE_X4Y24          FDRE                                         r  ui_meta_reg[4]/C





Min Delay Paths
--------------------------------------------------------------------------------------
Slack:                    inf
  Source:                 btnU
                            (input port)
  Destination:            reset_meta_reg/D
                            (rising edge-triggered cell FDRE clocked by board_clk  {rise@0.000ns fall@5.000ns period=10.000ns})
  Path Group:             (none)
  Path Type:              Hold (Min at Fast Process Corner)
  Data Path Delay:        0.726ns  (logic 0.222ns (30.573%)  route 0.504ns (69.427%))
  Logic Levels:           1  (IBUF=1)
  Clock Path Skew:        1.975ns (DCD - SCD - CPR)
    Destination Clock Delay (DCD):    1.975ns
    Source Clock Delay      (SCD):    0.000ns
    Clock Pessimism Removal (CPR):    -0.000ns
  Timing Exception:       False Path

    Location             Delay type                Incr(ns)  Path(ns)    Netlist Resource(s)
  -------------------------------------------------------------------    -------------------
    T18                                               0.000     0.000 r  btnU (IN)
                         net (fo=0)                   0.000     0.000    btnU
    T18                  IBUF (Prop_ibuf_I_O)         0.222     0.222 r  btnU_IBUF_inst/O
                         net (fo=1, routed)           0.504     0.726    btnU_IBUF
    SLICE_X4Y24          FDRE                                         r  reset_meta_reg/D
  -------------------------------------------------------------------    -------------------

                         (clock board_clk rise edge)
                                                      0.000     0.000 r  
    W5                                                0.000     0.000 r  clk (IN)
                         net (fo=0)                   0.000     0.000    clk
    W5                   IBUF (Prop_ibuf_I_O)         0.414     0.414 r  clk_IBUF_inst/O
                         net (fo=1, routed)           0.685     1.099    clk_IBUF
    BUFGCTRL_X0Y0        BUFG (Prop_bufg_I_O)         0.029     1.128 r  clk_IBUF_BUFG_inst/O
                         net (fo=819, routed)         0.848     1.975    clk_IBUF_BUFG
    SLICE_X4Y24          FDRE                                         r  reset_meta_reg/C





